#
# Copyright 2007 Sun Microsystems, Inc.  All rights reserved.
# Use is subject to license terms.
#
# CDDL HEADER START
#
# The contents of this file are subject to the terms of the
# Common Development and Distribution License (the "License").
# You may not use this file except in compliance with the License.
#
# You can obtain a copy of the license at usr/src/OPENSOLARIS.LICENSE
# or http://www.opensolaris.org/os/licensing.
# See the License for the specific language governing permissions
# and limitations under the License.
#
# When distributing Covered Code, include this CDDL HEADER in each
# file and include the License file at usr/src/OPENSOLARIS.LICENSE.
# If applicable, add the following below this CDDL HEADER, with the
# fields enclosed by brackets "[]" replaced with your own identifying
# information: Portions Copyright [yyyy] [name of copyright owner]
#
# CDDL HEADER END
#
#ident	"%Z%%M%	%I%	%E% SMI"

{
	fmd_fmri_alloc = FUNCTION extern;
	fmd_fmri_zalloc = FUNCTION extern;
	fmd_fmri_free = FUNCTION extern;
	fmd_fmri_set_errno = FUNCTION extern;
	fmd_fmri_warn = FUNCTION extern;
	fmd_fmri_auth2str = FUNCTION extern;
	fmd_fmri_strescape = FUNCTION extern;
	fmd_fmri_strdup = FUNCTION extern;
	fmd_fmri_strfree = FUNCTION extern;
	fmd_fmri_get_rootdir = FUNCTION extern;
	fmd_fmri_get_platform = FUNCTION extern;
	fmd_fmri_get_drgen = FUNCTION extern;
	fmd_fmri_topo_hold = FUNCTION extern;
	fmd_fmri_topo_rele = FUNCTION extern;
};
