:TZ=UTC:
:TZSI=UTCSI:
:TZTI=UTCTI:
:TZSTI=UTCSTI:
:TZTSI=UTCTSI:
:TZMI=UTCMI:
:LEADING=semicolon:
:CMASK1=001:
:CMASK2=002:
:CMASK3=003:
:CMASK4=004:
:CMASK5=005:
:CMASK6=006:
:CMASK7=007:
:CMASK8=010:
:CMASK9=011:
:QSC=test1;tryst2:
:QSCS=test3;tryst4:
:QSCSS=test5;tryst6:
:QSCSSS=test5;tryst6:
:MULTI1=multi1:
:MULTI2=multi2:
:MULTI3=multi3:
:MULTIS1=multis1:
:MULTIS2=multis2:
:MULTIS3=multis3:
:MULTISS1=multiss1:
:MULTISS2=multiss2:
:MULTISS3=multiss3:
:MULTISSS1=multisss1:
:MULTISSS2=multisss2:
:MULTISSS3=multisss3:
:SMULTI1=smulti1:
:SMULTI2=smulti2:
:SMULTI3=smulti3:
:SMULTIS1=smultis1:
:SMULTIS2=smultis2:
:SMULTIS3=smultis3:
:SMULTISS1=smultiss1:
:SMULTISS2=smultiss2:
:SMULTISS3=smultiss3:
:SMULTISSS1=smultisss1:
:SMULTISSS2=smultisss2:
:SMULTISSS3=smultisss3:
:OK=1:
:BAD=54:
:THIS=this:
:THAT=that:
:Z=b:
:X=c:
:YYY=d:
:UMEM_DEBUG=default:
:BOB=fred:
:SUE=test:
:BARNEY=dino:
:SPACED=test1:
:SPACED2=test3:
:another=test5:
