#
# CDDL HEADER START
#
# The contents of this file are subject to the terms of the
# Common Development and Distribution License (the "License").
# You may not use this file except in compliance with the License.
#
# You can obtain a copy of the license at usr/src/OPENSOLARIS.LICENSE
# or http://www.opensolaris.org/os/licensing.
# See the License for the specific language governing permissions
# and limitations under the License.
#
# When distributing Covered Code, include this CDDL HEADER in each
# file and include the License file at usr/src/OPENSOLARIS.LICENSE.
# If applicable, add the following below this CDDL HEADER, with the
# fields enclosed by brackets "[]" replaced with your own identifying
# information: Portions Copyright [yyyy] [name of copyright owner]
#
# CDDL HEADER END
#

#
# Copyright 2008 Sun Microsystems, Inc.  All rights reserved.
# Use is subject to license terms.
#
# ident	"%Z%%M%	%I%	%E% SMI"

{
	libscsi_strerror = FUNCTION extern;
	libscsi_errname = FUNCTION extern;
	libscsi_errcode = FUNCTION extern;
	libscsi_alloc = FUNCTION extern;
	libscsi_zalloc = FUNCTION extern;
	libscsi_strdup = FUNCTION extern;
	libscsi_free = FUNCTION extern;
	libscsi_set_errno = FUNCTION extern;
	libscsi_verror = FUNCTION extern;
	libscsi_error = FUNCTION extern;
	libscsi_cmd_cdblen = FUNCTION extern;
	libscsi_action_get_timeout = FUNCTION extern;
	libscsi_action_get_flags = FUNCTION extern;
	libscsi_action_get_cdb = FUNCTION extern;
	libscsi_action_get_buffer = FUNCTION extern;
	libscsi_action_get_sense = FUNCTION extern;
	libscsi_action_set_status = FUNCTION extern;
	libscsi_action_set_datalen = FUNCTION extern;
	libscsi_action_set_senselen = FUNCTION extern;
	libscsi_assert = FUNCTION extern;
};
