#
# Copyright 2009 Sun Microsystems, Inc.  All rights reserved.
# Use is subject to license terms.
#
# CDDL HEADER START
#
# The contents of this file are subject to the terms of the
# Common Development and Distribution License (the "License").
# You may not use this file except in compliance with the License.
#
# You can obtain a copy of the license at usr/src/OPENSOLARIS.LICENSE
# or http://www.opensolaris.org/os/licensing.
# See the License for the specific language governing permissions
# and limitations under the License.
#
# When distributing Covered Code, include this CDDL HEADER in each
# file and include the License file at usr/src/OPENSOLARIS.LICENSE.
# If applicable, add the following below this CDDL HEADER, with the
# fields enclosed by brackets "[]" replaced with your own identifying
# information: Portions Copyright [yyyy] [name of copyright owner]
#
# CDDL HEADER END
#

{
	topo_node_range_create = FUNCTION extern;
	topo_node_range_destroy = FUNCTION extern;
	topo_node_bind = FUNCTION extern;
	topo_node_unbind = FUNCTION extern;
	topo_node_name = FUNCTION extern;
	topo_node_setspecific = FUNCTION extern;
	topo_node_getspecific = FUNCTION extern;
	topo_node_instance = FUNCTION extern;

	topo_mod_alloc = FUNCTION extern;
	topo_mod_zalloc = FUNCTION extern;
	topo_mod_free = FUNCTION extern;
	topo_mod_nvalloc = FUNCTION extern;
	topo_mod_nvdup = FUNCTION extern;
	topo_mod_strfree = FUNCTION extern;
	topo_mod_strdup = FUNCTION extern;

	topo_mod_clrdebug = FUNCTION extern;
	topo_mod_setdebug = FUNCTION extern;
	topo_mod_dprintf = FUNCTION extern;
	topo_mod_errmsg = FUNCTION extern;
	topo_mod_errno = FUNCTION extern;

	topo_mod_load = FUNCTION extern;
	topo_mod_unload = FUNCTION extern;
	topo_mod_register = FUNCTION extern;
	topo_mod_unregister = FUNCTION extern;
	topo_mod_enumerate = FUNCTION extern;
	topo_mod_enummap = FUNCTION extern;
	topo_mod_release = FUNCTION extern;
	topo_mod_getspecific = FUNCTION extern;
	topo_mod_setspecific = FUNCTION extern;
	topo_mod_hcfmri = FUNCTION extern;
	topo_mod_devfmri = FUNCTION extern;
	topo_mod_cpufmri = FUNCTION extern;
	topo_mod_pkgfmri = FUNCTION extern;
	topo_mod_modfmri = FUNCTION extern;
	topo_mod_nvl2str = FUNCTION extern;
	topo_mod_str2nvl = FUNCTION extern;
	topo_mod_auth = FUNCTION extern;

	topo_mod_walk_init = FUNCTION extern;

	topo_method_register = FUNCTION extern;
	topo_method_unregister = FUNCTION extern;
	topo_method_unregister_all = FUNCTION extern;
	topo_method_invoke = FUNCTION extern;
	topo_method_sensor_failure = FUNCTION extern;

	topo_prop_method_register = FUNCTION extern;
	topo_prop_method_unregister = FUNCTION extern;
	topo_prop_set_int32 = FUNCTION extern;
	topo_prop_set_uint32 = FUNCTION extern;
	topo_prop_set_int64 = FUNCTION extern;
	topo_prop_set_uint64 = FUNCTION extern;
	topo_prop_set_string = FUNCTION extern;
	topo_prop_set_fmri = FUNCTION extern;
	topo_prop_set_int32_array = FUNCTION extern;
	topo_prop_set_uint32_array = FUNCTION extern;
	topo_prop_set_int64_array = FUNCTION extern;
	topo_prop_set_uint64_array = FUNCTION extern;
	topo_prop_set_string_array = FUNCTION extern;
	topo_prop_set_fmri_array = FUNCTION extern;
	topo_prop_inherit = FUNCTION extern;
	topo_pgroup_create = FUNCTION extern;

};
