#define	ID_SRVADDR	0x0
#define	ID_DOMAIN	0x20
#define	ID_DOMAIN_INCR	0x1
#define	ID_USER	0x120
#define	ID_USER_INCR	0x1
#define	SSN_VOPT	0x0
#define	SSN_OWNER	0x4
#define	SSN_ID	0x8
#define	SSN_SRVNAME	0x228
#define	SSN_SRVNAME_INCR	0x1
#define	SH_USE	0x0
#define	SH_TYPE	0x4
#define	SH_NAME	0x8
#define	SH_NAME_INCR	0x1
#define	SH_PASS	0x108
#define	SH_PASS_INCR	0x1
#define	TC_FLAGS	0x0
#define	TC_OPT	0x4
#define	TC_SH	0x8
#define	WK_OUT_STATE	0x0
#define	WK_U_SSNKEY_LEN	0x4
#define	WK_U_SSNKEY_BUF	0x8
#define	WK_U_AUTH_RLEN	0x10
#define	WK_U_AUTH_WLEN	0x14
#define	WK_U_AUTH_RBUF	0x18
#define	WK_U_AUTH_WBUF	0x20
#define	WK_SSN_KEY	0x28
#define	WK_SSN_KEY_INCR	0x1
#define	SIZEOF_SMBIOC_XNP	0x20
#define	IOC_FH	0x0
#define	IOC_TDLEN	0x4
#define	IOC_RDLEN	0x8
#define	IOC_MORE	0xc
#define	_IOC_TDATA	0x10
#define	_IOC_RDATA	0x18
#define	SIZEOF_SMBIOC_RW	0x18
#define	IOC_FH	0x0
#define	IOC_CNT	0x4
#define	_IOC_OFFSET	0x8
#define	_IOC_BASE	0x10
#define	SIZEOF_NTCREATE	0x114
#define	IOC_REQ_ACC	0x0
#define	IOC_EFATTR	0x4
#define	IOC_SHARE_ACC	0x8
#define	IOC_OPEN_DISP	0xc
#define	IOC_CREAT_OPTS	0x10
#define	IOC_NTCR_NAME	0x14
#define	IOC_NTCR_NAME_INCR	0x1
#define	SIZEOF_PRINTJOB	0x104
#define	IOC_SETUPLEN	0x0
#define	IOC_PRMODE	0x2
#define	IOC_TITLE	0x4
#define	IOC_TITLE_INCR	0x1
#define	SIZEOF_SMBIOC_PK	0x224
#define	PK_UID	0x0
#define	PK_DOM	0x4
#define	PK_DOM_INCR	0x1
#define	PK_USR	0x104
#define	PK_USR_INCR	0x1
#define	PK_LMHASH	0x204
#define	PK_LMHASH_INCR	0x1
#define	PK_NTHASH	0x214
#define	PK_NTHASH_INCR	0x1
