#
# CDDL HEADER START
#
# The contents of this file are subject to the terms of the
# Common Development and Distribution License (the "License").
# You may not use this file except in compliance with the License.
#
# You can obtain a copy of the license at usr/src/OPENSOLARIS.LICENSE
# or http://www.opensolaris.org/os/licensing.
# See the License for the specific language governing permissions
# and limitations under the License.
#
# When distributing Covered Code, include this CDDL HEADER in each
# file and include the License file at usr/src/OPENSOLARIS.LICENSE.
# If applicable, add the following below this CDDL HEADER, with the
# fields enclosed by brackets "[]" replaced with your own identifying
# information: Portions Copyright [yyyy] [name of copyright owner]
#
# CDDL HEADER END
#

#
# Copyright (c) 2010, Oracle and/or its affiliates. All rights reserved.
#

$mapfile_version 2

SYMBOL_SCOPE {
	smp_strerror			{ TYPE = FUNCTION; FLAGS = extern };
	smp_errname			{ TYPE = FUNCTION; FLAGS = extern };
	smp_errcode			{ TYPE = FUNCTION; FLAGS = extern };
	smp_alloc			{ TYPE = FUNCTION; FLAGS = extern };
	smp_zalloc			{ TYPE = FUNCTION; FLAGS = extern };
	smp_strdup			{ TYPE = FUNCTION; FLAGS = extern };
	smp_free			{ TYPE = FUNCTION; FLAGS = extern };
	smp_set_errno			{ TYPE = FUNCTION; FLAGS = extern };
	smp_verror			{ TYPE = FUNCTION; FLAGS = extern };
	smp_error			{ TYPE = FUNCTION; FLAGS = extern };
	smp_action_get_timeout		{ TYPE = FUNCTION; FLAGS = extern };
	smp_action_get_request		{ TYPE = FUNCTION; FLAGS = extern };
	smp_action_get_response		{ TYPE = FUNCTION; FLAGS = extern };
	smp_action_get_request_frame	{ TYPE = FUNCTION; FLAGS = extern };
	smp_action_get_response_frame	{ TYPE = FUNCTION; FLAGS = extern };
	smp_action_get_function_def	{ TYPE = FUNCTION; FLAGS = extern };
	smp_action_set_response_len	{ TYPE = FUNCTION; FLAGS = extern };
	smp_action_set_result		{ TYPE = FUNCTION; FLAGS = extern };
	smp_target_getcap		{ TYPE = FUNCTION; FLAGS = extern };
	smp_target_set_change_count	{ TYPE = FUNCTION; FLAGS = extern };
	smp_target_get_change_count	{ TYPE = FUNCTION; FLAGS = extern };
	smp_assert			{ TYPE = FUNCTION; FLAGS = extern };
	smp_engine_register		{ TYPE = FUNCTION; FLAGS = extern };
	smp_plugin_register		{ TYPE = FUNCTION; FLAGS = extern };
};
